27 de 27 ejecuciones pendientes
[ 1/27] f3_cloud_razonamiento_3      OK    total=42s ttft_resp=10.3s tokens=1493/5476 intentos=1 (42s)
[ 2/27] f1_cloud_razonamiento_3      OK    total=27s ttft_resp=22.2s tokens=1005/3230 intentos=1 (27s)
[ 3/27] f1_cloud_razonamiento_1      OK    total=23s ttft_resp=16.7s tokens=1005/1792 intentos=1 (23s)
[ 4/27] f1_local_2                   OK    total=36s ttft_resp=1.6s tokens=1086/577 intentos=1 (37s)
[ 5/27] f1_cloud_generalista_3       OK    total=81s ttft_resp=32.8s tokens=1257/1223 intentos=1 (81s)
[ 6/27] f3_cloud_razonamiento_2      OK    total=81s ttft_resp=36.8s tokens=1493/7327 intentos=1 (81s)
[ 7/27] f4_local_1                   OK    total=55s ttft_resp=3.0s tokens=2433/762 intentos=1 (56s)
[ 8/27] f3_cloud_generalista_3       OK    total=191s ttft_resp=15.9s tokens=1812/4488 intentos=1 (191s)
[ 9/27] f1_local_1                   OK    total=35s ttft_resp=0.7s tokens=1086/549 intentos=1 (35s)
[10/27] f3_cloud_generalista_2       OK    total=192s ttft_resp=32.3s tokens=1812/4153 intentos=1 (192s)
[11/27] f1_cloud_generalista_2       OK    total=62s ttft_resp=21.1s tokens=1257/1175 intentos=2 (90s)
[12/27] f4_cloud_razonamiento_3      OK    total=21s ttft_resp=8.0s tokens=2367/2597 intentos=1 (21s)
[13/27] f4_cloud_razonamiento_1      OK    total=17s ttft_resp=6.2s tokens=2367/2466 intentos=1 (17s)
[14/27] f4_local_2                   OK    total=53s ttft_resp=0.9s tokens=2433/762 intentos=1 (53s)
[15/27] f4_local_3                   OK    total=57s ttft_resp=0.1s tokens=2433/829 intentos=1 (58s)
[16/27] f4_cloud_generalista_1       OK    total=83s ttft_resp=31.7s tokens=2701/1616 intentos=1 (83s)
[17/27] f3_local_1                   OK    total=79s ttft_resp=2.0s tokens=1604/1304 intentos=1 (80s)
[18/27] f4_cloud_generalista_3       OK    total=82s ttft_resp=16.7s tokens=2701/1600 intentos=1 (82s)
[19/27] f3_local_3                   OK    total=95s ttft_resp=0.6s tokens=1604/1580 intentos=1 (96s)
[20/27] f3_cloud_generalista_1       OK    total=182s ttft_resp=28.0s tokens=1812/4267 intentos=1 (182s)
[21/27] f4_cloud_razonamiento_2      OK    total=26s ttft_resp=8.0s tokens=2367/2964 intentos=1 (26s)
[22/27] f4_cloud_generalista_2       OK    total=81s ttft_resp=24.4s tokens=2701/1644 intentos=1 (81s)
[23/27] f1_local_3                   OK    total=37s ttft_resp=0.8s tokens=1086/663 intentos=1 (38s)
[24/27] f1_cloud_generalista_1       OK    total=50s ttft_resp=17.1s tokens=1257/1094 intentos=1 (50s)
[25/27] f3_local_2                   OK    total=85s ttft_resp=0.6s tokens=1604/1467 intentos=1 (85s)
[26/27] f3_cloud_razonamiento_1      OK    total=85s ttft_resp=35.3s tokens=1493/6239 intentos=1 (85s)
[27/27] f1_cloud_razonamiento_2      OK    total=41s ttft_resp=34.9s tokens=1005/4760 intentos=1 (41s)
